// Jest Snapshot v1, https://goo.gl/fbAQLP

exports[`renders homepage unchanged 1`] = `
<div>
  <div
    class="MuiContainer-root MuiContainer-maxWidthLg container css-1oqqzyl-MuiContainer-root"
  >
    <h1
      class="MuiTypography-root MuiTypography-h4 css-5lbw0b-MuiTypography-root"
    >
      GitHub Trending
    </h1>
    <p
      class="MuiTypography-root MuiTypography-body1 css-ahj2mt-MuiTypography-root"
    >
      The most starred repositories created in the last 7 days!
    </p>
    <div
      class="MuiToggleButtonGroup-root contentContainer css-1gjgmky-MuiToggleButtonGroup-root"
      role="group"
    >
      <button
        aria-pressed="true"
        class="MuiButtonBase-root MuiToggleButton-root Mui-selected MuiToggleButton-sizeMedium MuiToggleButton-primary MuiToggleButtonGroup-grouped MuiToggleButtonGroup-groupedHorizontal css-d9c359-MuiButtonBase-root-MuiToggleButton-root"
        tabindex="0"
        type="button"
        value="all"
      >
        All
        <span
          class="MuiTouchRipple-root css-8je8zh-MuiTouchRipple-root"
        />
      </button>
      <button
        aria-pressed="false"
        class="MuiButtonBase-root MuiToggleButton-root MuiToggleButton-sizeMedium MuiToggleButton-primary MuiToggleButtonGroup-grouped MuiToggleButtonGroup-groupedHorizontal css-d9c359-MuiButtonBase-root-MuiToggleButton-root"
        tabindex="0"
        type="button"
        value="fav"
      >
        Favourites
        <span
          class="MuiTouchRipple-root css-8je8zh-MuiTouchRipple-root"
        />
      </button>
    </div>
    <div
      class="MuiGrid2-root MuiGrid2-container MuiGrid2-direction-xs-row MuiGrid2-spacing-xs-4 contentContainer css-129ydy1-MuiGrid2-root"
    />
  </div>
</div>
`;
